
> premium-tech-blog@0.1.0 build
> next build

  Ôû▓ Next.js 14.2.35
  - Environments: .env

   Creating an optimized production build ...
 Ô£ô Compiled successfully
   Linting and checking validity of types ...
Failed to compile.

./src/app/page.tsx:61:57
Type error: Parameter 'a' implicitly has an 'any' type.

  59 |       where: {
  60 |         NOT: { 
> 61 |           id: { in: ([featured?.id, ...newsArticles.map(a => a.id)].filter(Boolean) as string[]) }
     |                                                         ^
  62 |         }
  63 |       },
  64 |       take: 5,
Next.js build worker exited with code: 1 and signal: null
